rawStringEOF.lean:5:7: error: unterminated raw string literal
